#-----------------------------------------------------------
# Vivado v2020.2 (64-bit)
# SW Build 3064766 on Wed Nov 18 09:12:45 MST 2020
# IP Build 3064653 on Wed Nov 18 14:17:31 MST 2020
# Start of session at: Tue May 30 16:44:06 2023
# Process ID: 10636
# Current directory: C:/Users/lucas/Desktop/ORG TRABSON/MIPS-Multiciclo/MIPS
# Command line: vivado.exe -gui_launcher_event rodinguilauncherevent3956 C:\Users\lucas\Desktop\ORG TRABSON\MIPS-Multiciclo\MIPS\MIPS.xpr
# Log file: C:/Users/lucas/Desktop/ORG TRABSON/MIPS-Multiciclo/MIPS/vivado.log
# Journal file: C:/Users/lucas/Desktop/ORG TRABSON/MIPS-Multiciclo/MIPS\vivado.jou
#-----------------------------------------------------------
start_gui
open_project {C:/Users/lucas/Desktop/ORG TRABSON/MIPS-Multiciclo/MIPS/MIPS.xpr}
update_compile_order -fileset sources_1
launch_simulation
open_wave_config {C:/Users/lucas/Desktop/ORG TRABSON/MIPS-Multiciclo/MIPS/Topo_behav.wcfg}
source Topo.tcl
save_wave_config {C:/Users/lucas/Desktop/ORG TRABSON/MIPS-Multiciclo/MIPS/Topo_behav.wcfg}
close_sim
launch_simulation
open_wave_config {C:/Users/lucas/Desktop/ORG TRABSON/MIPS-Multiciclo/MIPS/Topo_behav.wcfg}
source Topo.tcl
close_sim
launch_simulation
open_wave_config {C:/Users/lucas/Desktop/ORG TRABSON/MIPS-Multiciclo/MIPS/Topo_behav.wcfg}
source Topo.tcl
close_sim
launch_simulation
launch_simulation
open_wave_config {C:/Users/lucas/Desktop/ORG TRABSON/MIPS-Multiciclo/MIPS/Topo_behav.wcfg}
source Topo.tcl
close_sim
launch_simulation
open_wave_config {C:/Users/lucas/Desktop/ORG TRABSON/MIPS-Multiciclo/MIPS/Topo_behav.wcfg}
source Topo.tcl
close_sim
launch_simulation
open_wave_config {C:/Users/lucas/Desktop/ORG TRABSON/MIPS-Multiciclo/MIPS/Topo_behav.wcfg}
source Topo.tcl
close_sim
launch_simulation
open_wave_config {C:/Users/lucas/Desktop/ORG TRABSON/MIPS-Multiciclo/MIPS/Topo_behav.wcfg}
source Topo.tcl
close_sim
launch_simulation
open_wave_config {C:/Users/lucas/Desktop/ORG TRABSON/MIPS-Multiciclo/MIPS/Topo_behav.wcfg}
source Topo.tcl
close_sim
launch_simulation
open_wave_config {C:/Users/lucas/Desktop/ORG TRABSON/MIPS-Multiciclo/MIPS/Topo_behav.wcfg}
source Topo.tcl
close_sim
launch_simulation
open_wave_config {C:/Users/lucas/Desktop/ORG TRABSON/MIPS-Multiciclo/MIPS/Topo_behav.wcfg}
source Topo.tcl
save_wave_config {C:/Users/lucas/Desktop/ORG TRABSON/MIPS-Multiciclo/MIPS/Topo_behav.wcfg}
close_sim
launch_simulation
open_wave_config {C:/Users/lucas/Desktop/ORG TRABSON/MIPS-Multiciclo/MIPS/Topo_behav.wcfg}
source Topo.tcl
close_sim
launch_simulation
open_wave_config {C:/Users/lucas/Desktop/ORG TRABSON/MIPS-Multiciclo/MIPS/Topo_behav.wcfg}
source Topo.tcl
close_sim
launch_simulation
open_wave_config {C:/Users/lucas/Desktop/ORG TRABSON/MIPS-Multiciclo/MIPS/Topo_behav.wcfg}
source Topo.tcl
close_sim
launch_simulation
open_wave_config {C:/Users/lucas/Desktop/ORG TRABSON/MIPS-Multiciclo/MIPS/Topo_behav.wcfg}
source Topo.tcl
save_wave_config {C:/Users/lucas/Desktop/ORG TRABSON/MIPS-Multiciclo/MIPS/Topo_behav.wcfg}
close_sim
launch_simulation
open_wave_config {C:/Users/lucas/Desktop/ORG TRABSON/MIPS-Multiciclo/MIPS/Topo_behav.wcfg}
source Topo.tcl
save_wave_config {C:/Users/lucas/Desktop/ORG TRABSON/MIPS-Multiciclo/MIPS/Topo_behav.wcfg}
save_wave_config {C:/Users/lucas/Desktop/ORG TRABSON/MIPS-Multiciclo/MIPS/Topo_behav.wcfg}
close_sim
launch_simulation
open_wave_config {C:/Users/lucas/Desktop/ORG TRABSON/MIPS-Multiciclo/MIPS/Topo_behav.wcfg}
source Topo.tcl
save_wave_config {C:/Users/lucas/Desktop/ORG TRABSON/MIPS-Multiciclo/MIPS/Topo_behav.wcfg}
close_sim
launch_simulation
open_wave_config {C:/Users/lucas/Desktop/ORG TRABSON/MIPS-Multiciclo/MIPS/Topo_behav.wcfg}
source Topo.tcl
close_sim
launch_simulation
open_wave_config {C:/Users/lucas/Desktop/ORG TRABSON/MIPS-Multiciclo/MIPS/Topo_behav.wcfg}
source Topo.tcl
close_sim
launch_simulation
open_wave_config {C:/Users/lucas/Desktop/ORG TRABSON/MIPS-Multiciclo/MIPS/Topo_behav.wcfg}
source Topo.tcl
save_wave_config {C:/Users/lucas/Desktop/ORG TRABSON/MIPS-Multiciclo/MIPS/Topo_behav.wcfg}
close_sim
launch_simulation
open_wave_config {C:/Users/lucas/Desktop/ORG TRABSON/MIPS-Multiciclo/MIPS/Topo_behav.wcfg}
source Topo.tcl
close_sim
launch_simulation
open_wave_config {C:/Users/lucas/Desktop/ORG TRABSON/MIPS-Multiciclo/MIPS/Topo_behav.wcfg}
source Topo.tcl
close_sim
launch_simulation
open_wave_config {C:/Users/lucas/Desktop/ORG TRABSON/MIPS-Multiciclo/MIPS/Topo_behav.wcfg}
source Topo.tcl
close_sim
launch_simulation
open_wave_config {C:/Users/lucas/Desktop/ORG TRABSON/MIPS-Multiciclo/MIPS/Topo_behav.wcfg}
source Topo.tcl
close_sim
launch_simulation
open_wave_config {C:/Users/lucas/Desktop/ORG TRABSON/MIPS-Multiciclo/MIPS/Topo_behav.wcfg}
source Topo.tcl
close_sim
launch_simulation
open_wave_config {C:/Users/lucas/Desktop/ORG TRABSON/MIPS-Multiciclo/MIPS/Topo_behav.wcfg}
source Topo.tcl
close_sim
launch_simulation
open_wave_config {C:/Users/lucas/Desktop/ORG TRABSON/MIPS-Multiciclo/MIPS/Topo_behav.wcfg}
source Topo.tcl
close_sim
launch_simulation
open_wave_config {C:/Users/lucas/Desktop/ORG TRABSON/MIPS-Multiciclo/MIPS/Topo_behav.wcfg}
source Topo.tcl
close_sim
launch_simulation
open_wave_config {C:/Users/lucas/Desktop/ORG TRABSON/MIPS-Multiciclo/MIPS/Topo_behav.wcfg}
source Topo.tcl
close_sim
launch_simulation
open_wave_config {C:/Users/lucas/Desktop/ORG TRABSON/MIPS-Multiciclo/MIPS/Topo_behav.wcfg}
source Topo.tcl
save_wave_config {C:/Users/lucas/Desktop/ORG TRABSON/MIPS-Multiciclo/MIPS/Topo_behav.wcfg}
close_sim
launch_simulation
open_wave_config {C:/Users/lucas/Desktop/ORG TRABSON/MIPS-Multiciclo/MIPS/Topo_behav.wcfg}
source Topo.tcl
save_wave_config {C:/Users/lucas/Desktop/ORG TRABSON/MIPS-Multiciclo/MIPS/Topo_behav.wcfg}
close_sim
launch_simulation
open_wave_config {C:/Users/lucas/Desktop/ORG TRABSON/MIPS-Multiciclo/MIPS/Topo_behav.wcfg}
source Topo.tcl
close_sim
