#-----------------------------------------------------------
# Vivado v2020.2 (64-bit)
# SW Build 3064766 on Wed Nov 18 09:12:45 MST 2020
# IP Build 3064653 on Wed Nov 18 14:17:31 MST 2020
# Start of session at: Tue Jun 27 15:39:13 2023
# Process ID: 21412
# Current directory: C:/Users/Admin/Desktop/TRAB ORG/MIPS-Multiciclo/MIPS
# Command line: vivado.exe -gui_launcher_event rodinguilauncherevent9524 C:\Users\Admin\Desktop\TRAB ORG\MIPS-Multiciclo\MIPS\MIPS.xpr
# Log file: C:/Users/Admin/Desktop/TRAB ORG/MIPS-Multiciclo/MIPS/vivado.log
# Journal file: C:/Users/Admin/Desktop/TRAB ORG/MIPS-Multiciclo/MIPS\vivado.jou
#-----------------------------------------------------------
start_gui
open_project {C:/Users/Admin/Desktop/TRAB ORG/MIPS-Multiciclo/MIPS/MIPS.xpr}
update_compile_order -fileset sources_1
launch_simulation
open_wave_config {C:/Users/Admin/Desktop/TRAB ORG/MIPS-Multiciclo/MIPS/Topo_behav.wcfg}
source Topo.tcl
close_sim
launch_simulation
open_wave_config {C:/Users/Admin/Desktop/TRAB ORG/MIPS-Multiciclo/MIPS/Topo_behav.wcfg}
source Topo.tcl
close_sim
launch_simulation
open_wave_config {C:/Users/Admin/Desktop/TRAB ORG/MIPS-Multiciclo/MIPS/Topo_behav.wcfg}
source Topo.tcl
close_sim
launch_simulation
open_wave_config {C:/Users/Admin/Desktop/TRAB ORG/MIPS-Multiciclo/MIPS/Topo_behav.wcfg}
source Topo.tcl
close_sim
launch_simulation
open_wave_config {C:/Users/Admin/Desktop/TRAB ORG/MIPS-Multiciclo/MIPS/Topo_behav.wcfg}
source Topo.tcl
save_wave_config {C:/Users/Admin/Desktop/TRAB ORG/MIPS-Multiciclo/MIPS/Topo_behav.wcfg}
save_wave_config {C:/Users/Admin/Desktop/TRAB ORG/MIPS-Multiciclo/MIPS/Topo_behav.wcfg}
close_sim
